// Jest Snapshot v1, https://goo.gl/fbAQLP

exports[`GenresList component Correctly renders 1`] = `
<ul
  className="catalog__genres-list"
>
  <li
    className="catalog__genres-item catalog__genres-item--active"
  >
    <button
      className="catalog__genres-link"
      onClick={[Function]}
      type="button"
    >
      All genres
    </button>
  </li>
  <li
    className="catalog__genres-item "
  >
    <button
      className="catalog__genres-link"
      onClick={[Function]}
      type="button"
    >
      Comedies
    </button>
  </li>
  <li
    className="catalog__genres-item "
  >
    <button
      className="catalog__genres-link"
      onClick={[Function]}
      type="button"
    >
      Crime
    </button>
  </li>
  <li
    className="catalog__genres-item "
  >
    <button
      className="catalog__genres-link"
      onClick={[Function]}
      type="button"
    >
      Documentary
    </button>
  </li>
  <li
    className="catalog__genres-item "
  >
    <button
      className="catalog__genres-link"
      onClick={[Function]}
      type="button"
    >
      Dramas
    </button>
  </li>
  <li
    className="catalog__genres-item "
  >
    <button
      className="catalog__genres-link"
      onClick={[Function]}
      type="button"
    >
      Horror
    </button>
  </li>
</ul>
`;
