// Jest Snapshot v1, https://goo.gl/fbAQLP

exports[`VideoPlayer component Correctly renders 1`] = `
<video
  height="175"
  muted={true}
  poster="img/what-we-do-in-the-shadows.jpg"
  width="280"
>
  <source
    src="https://download.blender.org/durian/trailer/sintel_trailer-480p.mp4"
    type="video/mp4"
  />
</video>
`;
